{
  "alphas": [
    0.0,
    0.125,
    0.275,
    0.425,
    0.575,
    0.725,
    0.875,
    0.878125,
    0.88125,
    0.884375,
    0.8875,
    0.890625,
    0.89375,
    0.896875,
    0.9,
    0.903125,
    0.90625,
    0.909375,
    0.9125,
    0.915625,
    0.91875,
    0.921875,
    0.925,
    0.928125,
    0.93125,
    0.934375,
    0.9375,
    0.940625,
    0.94375,
    0.946875,
    0.95,
    0.953125,
    0.95625,
    0.959375,
    0.9625,
    0.965625,
    0.96875,
    0.971875,
    0.975,
    0.978125,
    0.98125,
    0.984375,
    0.9875,
    0.990625,
    0.99375,
    0.996875,
    1.0,
    1.125,
    1.25,
    1.4,
    1.55,
    1.7,
    1.85,
    1.85375,
    1.8575,
    1.86125,
    1.865,
    1.86875,
    1.8725,
    1.87625,
    1.88,
    1.88375,
    1.8875,
    1.89125,
    1.895,
    1.89875,
    1.9025,
    1.90625,
    1.91,
    1.91375,
    1.9175,
    1.92125,
    1.925,
    1.92875,
    1.9325,
    1.93625,
    1.94,
    1.94375,
    1.9475,
    1.95125,
    1.955,
    1.95875,
    1.9625,
    1.96625,
    1.97,
    1.97375,
    1.9775,
    1.98125,
    1.985,
    1.98875,
    1.9925,
    1.99625,
    2.0
  ],
  "signatures": [
    {
      "duty_factors": [
        0.555,
        0.5775,
        0.0,
        0.0
      ],
      "phase_offsets": [
        0.0,
        0.49939372933353754,
        0.0,
        0.0
      ],
      "stride_frequency": 1.625,
      "contact_sequence_entropy": 1.431333790935831
    },
    {
      "duty_factors": [
        0.555,
        0.5775,
        0.0,
        0.0
      ],
      "phase_offsets": [
        0.0,
        0.4988260158124081,
        0.0,
        0.0
      ],
      "stride_frequency": 1.625,
      "contact_sequence_entropy": 1.431333790935831
    },
    {
      "duty_factors": [
        0.555,
        0.6025,
        0.0,
        0.0
      ],
      "phase_offsets": [
        0.0,
        0.4875848823225403,
        0.0,
        0.0
      ],
      "stride_frequency": 1.625,
      "contact_sequence_entropy": 1.4688622503179096
    },
    {
      "duty_factors": [
        0.62,
        0.5925,
        0.0,
        0.0
      ],
      "phase_offsets": [
        0.0,
        0.4944468220780187,
        0.0,
        0.0
      ],
      "stride_frequency": 1.625,
      "contact_sequence_entropy": 1.5330414378877366
    },
    {
      "duty_factors": [
        0.545,
        0.58,
        0.0,
        0.0
      ],
      "phase_offsets": [
        0.0,
        0.5,
        0.0,
        0.0
      ],
      "stride_frequency": 1.5,
      "contact_sequence_entropy": 1.417554287195398
    },
    {
      "duty_factors": [
        0.55,
        0.5825,
        0.0,
        0.0
      ],
      "phase_offsets": [
        0.0,
        0.498949708598051,
        0.0,
        0.0
      ],
      "stride_frequency": 1.625,
      "contact_sequence_entropy": 1.4308762940888307
    },
    {
      "duty_factors": [
        0.5575,
        0.595,
        0.0,
        0.0
      ],
      "phase_offsets": [
        0.0,
        0.49069997989096226,
        0.0,
        0.0
      ],
      "stride_frequency": 1.625,
      "contact_sequence_entropy": 1.462364038716385
    },
    {
      "duty_factors": [
        0.5575,
        0.5975,
        0.0,
        0.0
      ],
      "phase_offsets": [
        0.0,
        0.48927557616735284,
        0.0,
        0.0
      ],
      "stride_frequency": 1.625,
      "contact_sequence_entropy": 1.4658462623118993
    },
    {
      "duty_factors": [
        0.5575,
        0.5975,
        0.0,
        0.0
      ],
      "phase_offsets": [
        0.0,
        0.48927557616735284,
        0.0,
        0.0
      ],
      "stride_frequency": 1.625,
      "contact_sequence_entropy": 1.4658462623118993
    },
    {
      "duty_factors": [
        0.5525,
        0.6075,
        0.0,
        0.0
      ],
      "phase_offsets": [
        0.0,
        0.4843401435140637,
        0.0,
        0.0
      ],
      "stride_frequency": 1.625,
      "contact_sequence_entropy": 1.4717099855090063
    },
    {
      "duty_factors": [
        0.5575,
        0.6,
        0.0,
        0.0
      ],
      "phase_offsets": [
        0.0,
        0.4911964571417503,
        0.0,
        0.0
      ],
      "stride_frequency": 1.625,
      "contact_sequence_entropy": 1.4692479079568164
    },
    {
      "duty_factors": [
        0.56,
        0.6025,
        0.0,
        0.0
      ],
      "phase_offsets": [
        0.0,
        0.4883254826764357,
        0.0,
        0.0
      ],
      "stride_frequency": 1.625,
      "contact_sequence_entropy": 1.4762005332316588
    },
    {
      "duty_factors": [
        0.5525,
        0.5925,
        0.0,
        0.0
      ],
      "phase_offsets": [
        0.0,
        0.4912799662671312,
        0.0,
        0.0
      ],
      "stride_frequency": 1.625,
      "contact_sequence_entropy": 1.4508346623063078
    },
    {
      "duty_factors": [
        0.5525,
        0.5775,
        0.0,
        0.0
      ],
      "phase_offsets": [
        0.0,
        0.5,
        0.0,
        0.0
      ],
      "stride_frequency": 1.625,
      "contact_sequence_entropy": 1.4269199042614051
    },
    {
      "duty_factors": [
        0.5525,
        0.5775,
        0.0,
        0.0
      ],
      "phase_offsets": [
        0.0,
        0.5,
        0.0,
        0.0
      ],
      "stride_frequency": 1.625,
      "contact_sequence_entropy": 1.4269199042614051
    },
    {
      "duty_factors": [
        0.5525,
        0.58,
        0.0,
        0.0
      ],
      "phase_offsets": [
        0.0,
        0.5012652128235352,
        0.0,
        0.0
      ],
      "stride_frequency": 1.625,
      "contact_sequence_entropy": 1.431125851652267
    },
    {
      "duty_factors": [
        0.5525,
        0.5775,
        0.0,
        0.0
      ],
      "phase_offsets": [
        0.0,
        0.5,
        0.0,
        0.0
      ],
      "stride_frequency": 1.625,
      "contact_sequence_entropy": 1.4269199042614051
    },
    {
      "duty_factors": [
        0.5525,
        0.5825,
        0.0,
        0.0
      ],
      "phase_offsets": [
        0.0,
        0.5026383725916919,
        0.0,
        0.0
      ],
      "stride_frequency": 1.625,
      "contact_sequence_entropy": 1.435242274548985
    },
    {
      "duty_factors": [
        0.5525,
        0.5825,
        0.0,
        0.0
      ],
      "phase_offsets": [
        0.0,
        0.5026383725916919,
        0.0,
        0.0
      ],
      "stride_frequency": 1.625,
      "contact_sequence_entropy": 1.435242274548985
    },
    {
      "duty_factors": [
        0.555,
        0.5825,
        0.0,
        0.0
      ],
      "phase_offsets": [
        0.0,
        0.5014643884041,
        0.0,
        0.0
      ],
      "stride_frequency": 1.625,
      "contact_sequence_entropy": 1.43952131027712
    },
    {
      "duty_factors": [
        0.5525,
        0.5875,
        0.0,
        0.0
      ],
      "phase_offsets": [
        0.0,
        0.503414482737058,
        0.0,
        0.0
      ],
      "stride_frequency": 1.625,
      "contact_sequence_entropy": 1.4432110269845064
    },
    {
      "duty_factors": [
        0.5525,
        0.61,
        0.0,
        0.0
      ],
      "phase_offsets": [
        0.0,
        0.51625,
        0.0,
        0.0
      ],
      "stride_frequency": 1.625,
      "contact_sequence_entropy": 1.4749069944755693
    },
    {
      "duty_factors": [
        0.5525,
        0.6075,
        0.0,
        0.0
      ],
      "phase_offsets": [
        0.0,
        0.5150277411386666,
        0.0,
        0.0
      ],
      "stride_frequency": 1.625,
      "contact_sequence_entropy": 1.4717099855090063
    },
    {
      "duty_factors": [
        0.5525,
        0.6075,
        0.0,
        0.0
      ],
      "phase_offsets": [
        0.0,
        0.5150277411386666,
        0.0,
        0.0
      ],
      "stride_frequency": 1.625,
      "contact_sequence_entropy": 1.4717099855090063
    },
    {
      "duty_factors": [
        0.5525,
        0.61,
        0.0,
        0.0
      ],
      "phase_offsets": [
        0.0,
        0.5162500000000001,
        0.0,
        0.0
      ],
      "stride_frequency": 1.625,
      "contact_sequence_entropy": 1.4749069944755693
    },
    {
      "duty_factors": [
        0.5525,
        0.61,
        0.0025,
        0.0
      ],
      "phase_offsets": [
        0.0,
        0.5162500000000001,
        0.10250000000000006,
        0.0
      ],
      "stride_frequency": 1.625,
      "contact_sequence_entropy": 1.4935417640926931
    },
    {
      "duty_factors": [
        0.555,
        0.61,
        0.065,
        0.0
      ],
      "phase_offsets": [
        0.0,
        0.5048722266590803,
        0.26143991918250575,
        0.0
      ],
      "stride_frequency": 1.625,
      "contact_sequence_entropy": 1.6381265564704937
    },
    {
      "duty_factors": [
        0.555,
        0.61,
        0.0675,
        0.0
      ],
      "phase_offsets": [
        0.0,
        0.5124745543527915,
        0.2388187321846396,
        0.0
      ],
      "stride_frequency": 1.625,
      "contact_sequence_entropy": 1.6395663249032975
    },
    {
      "duty_factors": [
        0.565,
        0.61,
        0.105,
        0.0
      ],
      "phase_offsets": [
        0.0,
        0.4995231929675109,
        0.24870326347746788,
        0.0
      ],
      "stride_frequency": 1.625,
      "contact_sequence_entropy": 1.7864159270061442
    },
    {
      "duty_factors": [
        0.5675,
        0.6,
        0.105,
        0.0
      ],
      "phase_offsets": [
        0.0,
        0.4925505072193229,
        0.23351759033882882,
        0.0
      ],
      "stride_frequency": 1.75,
      "contact_sequence_entropy": 1.7393642489052288
    },
    {
      "duty_factors": [
        0.57,
        0.59,
        0.125,
        0.0
      ],
      "phase_offsets": [
        0.0,
        0.5008486422879124,
        0.2428893862635829,
        0.0
      ],
      "stride_frequency": 1.75,
      "contact_sequence_entropy": 1.886498847341589
    },
    {
      "duty_factors": [
        0.565,
        0.59,
        0.1425,
        0.0
      ],
      "phase_offsets": [
        0.0,
        0.4988732706969137,
        0.2419065001532159,
        0.0
      ],
      "stride_frequency": 1.75,
      "contact_sequence_entropy": 1.9431197306931698
    },
    {
      "duty_factors": [
        0.5575,
        0.5825,
        0.135,
        0.0
      ],
      "phase_offsets": [
        0.0,
        0.49828921560761397,
        0.24427645540883136,
        0.0
      ],
      "stride_frequency": 1.75,
      "contact_sequence_entropy": 1.9067899664335402
    },
    {
      "duty_factors": [
        0.555,
        0.59,
        0.1475,
        0.0
      ],
      "phase_offsets": [
        0.0,
        0.5005228813493368,
        0.24974080427568335,
        0.0
      ],
      "stride_frequency": 1.75,
      "contact_sequence_entropy": 1.9612697523311802
    },
    {
      "duty_factors": [
        0.56,
        0.595,
        0.155,
        0.0
      ],
      "phase_offsets": [
        0.0,
        0.4996182917666673,
        0.25842531988197226,
        0.0
      ],
      "stride_frequency": 1.75,
      "contact_sequence_entropy": 1.992509570438477
    },
    {
      "duty_factors": [
        0.56,
        0.6075,
        0.16,
        0.0
      ],
      "phase_offsets": [
        0.0,
        0.5063147629475104,
        0.26665743194169955,
        0.0
      ],
      "stride_frequency": 1.75,
      "contact_sequence_entropy": 2.0239340584432552
    },
    {
      "duty_factors": [
        0.55,
        0.6125,
        0.165,
        0.0
      ],
      "phase_offsets": [
        0.0,
        0.5091051458966662,
        0.2676696110179623,
        0.0
      ],
      "stride_frequency": 1.75,
      "contact_sequence_entropy": 2.030909057472854
    },
    {
      "duty_factors": [
        0.5475,
        0.6175,
        0.1775,
        0.0
      ],
      "phase_offsets": [
        0.0,
        0.5001434030381577,
        0.2668402758195295,
        0.0
      ],
      "stride_frequency": 1.75,
      "contact_sequence_entropy": 2.054018776480059
    },
    {
      "duty_factors": [
        0.5325,
        0.615,
        0.175,
        0.0
      ],
      "phase_offsets": [
        0.0,
        0.5013556989131535,
        0.2587742986354293,
        0.0
      ],
      "stride_frequency": 1.75,
      "contact_sequence_entropy": 2.0300972082507043
    },
    {
      "duty_factors": [
        0.53,
        0.645,
        0.235,
        0.0
      ],
      "phase_offsets": [
        0.0,
        0.5047928983216867,
        0.2563930447438314,
        0.0
      ],
      "stride_frequency": 1.75,
      "contact_sequence_entropy": 2.21633125106125
    },
    {
      "duty_factors": [
        0.52,
        0.645,
        0.2525,
        0.0
      ],
      "phase_offsets": [
        0.0,
        0.5000528158318625,
        0.24843464756045966,
        0.0
      ],
      "stride_frequency": 1.75,
      "contact_sequence_entropy": 2.236505002958736
    },
    {
      "duty_factors": [
        0.505,
        0.6525,
        0.29,
        0.0
      ],
      "phase_offsets": [
        0.0,
        0.5030012514627837,
        0.25640605889270895,
        0.0
      ],
      "stride_frequency": 1.75,
      "contact_sequence_entropy": 2.29305533257659
    },
    {
      "duty_factors": [
        0.5075,
        0.6525,
        0.3025,
        0.0
      ],
      "phase_offsets": [
        0.0,
        0.4971679886116858,
        0.24809088446436323,
        0.0
      ],
      "stride_frequency": 1.75,
      "contact_sequence_entropy": 2.306535130137299
    },
    {
      "duty_factors": [
        0.5525,
        0.5825,
        0.22,
        0.0
      ],
      "phase_offsets": [
        0.0,
        0.5022648499491937,
        0.40801080929415634,
        0.0
      ],
      "stride_frequency": 1.625,
      "contact_sequence_entropy": 2.005510151028286
    },
    {
      "duty_factors": [
        0.56,
        0.6075,
        0.2525,
        0.0
      ],
      "phase_offsets": [
        0.0,
        0.5130183780771744,
        0.3663466396341372,
        0.0
      ],
      "stride_frequency": 1.625,
      "contact_sequence_entropy": 2.145275591082557
    },
    {
      "duty_factors": [
        0.5675,
        0.5925,
        0.2575,
        0.0
      ],
      "phase_offsets": [
        0.0,
        0.499454180569466,
        0.4043924653353358,
        0.0
      ],
      "stride_frequency": 1.75,
      "contact_sequence_entropy": 2.1116072167250324
    },
    {
      "duty_factors": [
        0.5,
        0.66,
        0.49,
        0.0
      ],
      "phase_offsets": [
        0.0,
        0.5034492561960637,
        0.28788640446549635,
        0.0
      ],
      "stride_frequency": 1.75,
      "contact_sequence_entropy": 2.432258871501399
    },
    {
      "duty_factors": [
        0.5575,
        0.5875,
        0.1625,
        0.0
      ],
      "phase_offsets": [
        0.0,
        0.5026195096820851,
        0.2979265251542421,
        0.0
      ],
      "stride_frequency": 1.75,
      "contact_sequence_entropy": 1.9366273013441302
    },
    {
      "duty_factors": [
        0.59,
        0.5875,
        0.1575,
        0.0
      ],
      "phase_offsets": [
        0.0,
        0.5134263174037862,
        0.30007089899648876,
        0.0
      ],
      "stride_frequency": 1.875,
      "contact_sequence_entropy": 1.9644551934663168
    },
    {
      "duty_factors": [
        0.6025,
        0.575,
        0.1925,
        0.0
      ],
      "phase_offsets": [
        0.0,
        0.5082965282932208,
        0.32070781055231873,
        0.0
      ],
      "stride_frequency": 2.0,
      "contact_sequence_entropy": 2.0143311982030925
    },
    {
      "duty_factors": [
        0.6175,
        0.55,
        0.1625,
        0.0
      ],
      "phase_offsets": [
        0.0,
        0.5198737574462959,
        0.31787027967489234,
        0.0
      ],
      "stride_frequency": 1.875,
      "contact_sequence_entropy": 1.9867882259344796
    },
    {
      "duty_factors": [
        0.5825,
        0.5675,
        0.1775,
        0.0
      ],
      "phase_offsets": [
        0.0,
        0.5050742022101017,
        0.311226759781985,
        0.0
      ],
      "stride_frequency": 1.875,
      "contact_sequence_entropy": 1.9842171387411438
    },
    {
      "duty_factors": [
        0.595,
        0.5375,
        0.1625,
        0.0
      ],
      "phase_offsets": [
        0.0,
        0.5135702859688516,
        0.3131460635534332,
        0.0
      ],
      "stride_frequency": 1.875,
      "contact_sequence_entropy": 1.9262342091704419
    },
    {
      "duty_factors": [
        0.605,
        0.54,
        0.1625,
        0.0
      ],
      "phase_offsets": [
        0.0,
        0.5070174347243452,
        0.30868723659586883,
        0.0
      ],
      "stride_frequency": 2.0,
      "contact_sequence_entropy": 1.949748112288648
    },
    {
      "duty_factors": [
        0.605,
        0.54,
        0.16,
        0.0
      ],
      "phase_offsets": [
        0.0,
        0.5059158609993308,
        0.31141912514434533,
        0.0
      ],
      "stride_frequency": 2.0,
      "contact_sequence_entropy": 1.9342690336588004
    },
    {
      "duty_factors": [
        0.605,
        0.545,
        0.1625,
        0.0
      ],
      "phase_offsets": [
        0.0,
        0.5058714527023748,
        0.3073570388864477,
        0.0
      ],
      "stride_frequency": 2.0,
      "contact_sequence_entropy": 1.9473719775078382
    },
    {
      "duty_factors": [
        0.6025,
        0.555,
        0.16,
        0.0
      ],
      "phase_offsets": [
        0.0,
        0.5034750743435111,
        0.3052056084838507,
        0.0
      ],
      "stride_frequency": 2.0,
      "contact_sequence_entropy": 1.9237335730137852
    },
    {
      "duty_factors": [
        0.6075,
        0.5475,
        0.1575,
        0.0
      ],
      "phase_offsets": [
        0.0,
        0.5086369106235057,
        0.30655329657390906,
        0.0
      ],
      "stride_frequency": 2.0,
      "contact_sequence_entropy": 1.9489360723316551
    },
    {
      "duty_factors": [
        0.605,
        0.545,
        0.155,
        0.0
      ],
      "phase_offsets": [
        0.0,
        0.5111732490101696,
        0.30709962894838905,
        0.0
      ],
      "stride_frequency": 2.0,
      "contact_sequence_entropy": 1.941324175514711
    },
    {
      "duty_factors": [
        0.6075,
        0.5525,
        0.1575,
        0.0
      ],
      "phase_offsets": [
        0.0,
        0.5141111280105733,
        0.3082849622885767,
        0.0
      ],
      "stride_frequency": 2.0,
      "contact_sequence_entropy": 1.9643538392481914
    },
    {
      "duty_factors": [
        0.6075,
        0.5525,
        0.16,
        0.0
      ],
      "phase_offsets": [
        0.0,
        0.5133421003051014,
        0.3100372656922208,
        0.0
      ],
      "stride_frequency": 2.0,
      "contact_sequence_entropy": 1.9797321642040981
    },
    {
      "duty_factors": [
        0.6075,
        0.555,
        0.16,
        0.0
      ],
      "phase_offsets": [
        0.0,
        0.5134238227529802,
        0.3079213452873395,
        0.0
      ],
      "stride_frequency": 2.0,
      "contact_sequence_entropy": 1.9852985375214023
    },
    {
      "duty_factors": [
        0.61,
        0.5575,
        0.16,
        0.0
      ],
      "phase_offsets": [
        0.0,
        0.5127482483835146,
        0.30653277622632225,
        0.0
      ],
      "stride_frequency": 2.0,
      "contact_sequence_entropy": 1.9914612642031289
    },
    {
      "duty_factors": [
        0.6025,
        0.555,
        0.16,
        0.0
      ],
      "phase_offsets": [
        0.0,
        0.5134334230412224,
        0.30345826821755795,
        0.0
      ],
      "stride_frequency": 2.0,
      "contact_sequence_entropy": 1.9979466713863543
    },
    {
      "duty_factors": [
        0.6,
        0.5575,
        0.1575,
        0.0
      ],
      "phase_offsets": [
        0.0,
        0.5137621176622804,
        0.304769466632241,
        0.0
      ],
      "stride_frequency": 2.0,
      "contact_sequence_entropy": 1.9859065604247572
    },
    {
      "duty_factors": [
        0.6075,
        0.5425,
        0.1575,
        0.0
      ],
      "phase_offsets": [
        0.0,
        0.517340592109772,
        0.30413963954217466,
        0.0
      ],
      "stride_frequency": 2.0,
      "contact_sequence_entropy": 2.0051644905972226
    },
    {
      "duty_factors": [
        0.605,
        0.55,
        0.1575,
        0.0
      ],
      "phase_offsets": [
        0.0,
        0.5206709415441914,
        0.30427782100258866,
        0.0
      ],
      "stride_frequency": 2.0,
      "contact_sequence_entropy": 2.0172876405380014
    },
    {
      "duty_factors": [
        0.6175,
        0.5675,
        0.1575,
        0.0
      ],
      "phase_offsets": [
        0.0,
        0.517945951912482,
        0.30288351261245317,
        0.0
      ],
      "stride_frequency": 1.875,
      "contact_sequence_entropy": 1.968149676860818
    },
    {
      "duty_factors": [
        0.615,
        0.5625,
        0.155,
        0.0
      ],
      "phase_offsets": [
        0.0,
        0.5158919598803433,
        0.30924987487551736,
        0.0
      ],
      "stride_frequency": 2.0,
      "contact_sequence_entropy": 1.9529105652474081
    },
    {
      "duty_factors": [
        0.61,
        0.56,
        0.16,
        0.0
      ],
      "phase_offsets": [
        0.0,
        0.5199432383262922,
        0.30494733591268475,
        0.0
      ],
      "stride_frequency": 2.0,
      "contact_sequence_entropy": 2.028567837114512
    },
    {
      "duty_factors": [
        0.61,
        0.56,
        0.16,
        0.0
      ],
      "phase_offsets": [
        0.0,
        0.5244688002037438,
        0.30621110599656604,
        0.0
      ],
      "stride_frequency": 2.0,
      "contact_sequence_entropy": 2.041234963477233
    },
    {
      "duty_factors": [
        0.6,
        0.5575,
        0.16,
        0.0
      ],
      "phase_offsets": [
        0.0,
        0.5213299626743301,
        0.3,
        0.0
      ],
      "stride_frequency": 2.0,
      "contact_sequence_entropy": 2.035461937713179
    },
    {
      "duty_factors": [
        0.6125,
        0.5575,
        0.16,
        0.0
      ],
      "phase_offsets": [
        0.0,
        0.5227159339787806,
        0.3057469275532205,
        0.0
      ],
      "stride_frequency": 2.0,
      "contact_sequence_entropy": 2.037348647396981
    },
    {
      "duty_factors": [
        0.615,
        0.56,
        0.1525,
        0.02
      ],
      "phase_offsets": [
        0.0,
        0.5129467850646172,
        0.30928898847235,
        0.746798241903532
      ],
      "stride_frequency": 2.0,
      "contact_sequence_entropy": 2.014916058456876
    },
    {
      "duty_factors": [
        0.605,
        0.5625,
        0.1575,
        0.0375
      ],
      "phase_offsets": [
        0.0,
        0.5225782664376226,
        0.3041067020387792,
        0.7494916796509964
      ],
      "stride_frequency": 2.0,
      "contact_sequence_entropy": 2.122662698939937
    },
    {
      "duty_factors": [
        0.61,
        0.56,
        0.1525,
        0.0475
      ],
      "phase_offsets": [
        0.0,
        0.5205681149738062,
        0.3091089891635501,
        0.7390262186418219
      ],
      "stride_frequency": 2.0,
      "contact_sequence_entropy": 2.087734257244892
    },
    {
      "duty_factors": [
        0.605,
        0.56,
        0.155,
        0.055
      ],
      "phase_offsets": [
        0.0,
        0.5240749518384373,
        0.2973002637532224,
        0.7542855395270686
      ],
      "stride_frequency": 2.0,
      "contact_sequence_entropy": 2.134603183724318
    },
    {
      "duty_factors": [
        0.6025,
        0.56,
        0.1525,
        0.1125
      ],
      "phase_offsets": [
        0.0,
        0.5245076968757315,
        0.3043150236532879,
        0.7469328484028772
      ],
      "stride_frequency": 2.0,
      "contact_sequence_entropy": 2.218668798013964
    },
    {
      "duty_factors": [
        0.6,
        0.5575,
        0.16,
        0.16
      ],
      "phase_offsets": [
        0.0,
        0.531171952115243,
        0.2998982598880134,
        0.7675104358753957
      ],
      "stride_frequency": 2.0,
      "contact_sequence_entropy": 2.169678551882923
    },
    {
      "duty_factors": [
        0.5975,
        0.56,
        0.1575,
        0.1925
      ],
      "phase_offsets": [
        0.0,
        0.5362315616040999,
        0.2991308695065858,
        0.7633285355367704
      ],
      "stride_frequency": 2.0,
      "contact_sequence_entropy": 2.128988717391888
    },
    {
      "duty_factors": [
        0.615,
        0.5725,
        0.15,
        0.19
      ],
      "phase_offsets": [
        0.0,
        0.516920083035179,
        0.29699186746738,
        0.8239236627375924
      ],
      "stride_frequency": 1.875,
      "contact_sequence_entropy": 2.271526045871563
    },
    {
      "duty_factors": [
        0.5975,
        0.5575,
        0.155,
        0.2475
      ],
      "phase_offsets": [
        0.0,
        0.5304461936357658,
        0.30123500382773194,
        0.8210623847431135
      ],
      "stride_frequency": 2.0,
      "contact_sequence_entropy": 2.3264564367255587
    },
    {
      "duty_factors": [
        0.6,
        0.5575,
        0.155,
        0.2675
      ],
      "phase_offsets": [
        0.0,
        0.5288110467972865,
        0.3025321034323825,
        0.8794075981794827
      ],
      "stride_frequency": 2.0,
      "contact_sequence_entropy": 2.3591783398271082
    },
    {
      "duty_factors": [
        0.6075,
        0.5525,
        0.1575,
        0.28
      ],
      "phase_offsets": [
        0.0,
        0.5322313255432611,
        0.30401121054335856,
        0.8673804457432543
      ],
      "stride_frequency": 2.0,
      "contact_sequence_entropy": 2.3711504124372063
    },
    {
      "duty_factors": [
        0.615,
        0.5575,
        0.145,
        0.2975
      ],
      "phase_offsets": [
        0.0,
        0.5259079144309923,
        0.3022799200045827,
        0.8699531084482895
      ],
      "stride_frequency": 2.0,
      "contact_sequence_entropy": 2.400340250565168
    },
    {
      "duty_factors": [
        0.605,
        0.57,
        0.145,
        0.315
      ],
      "phase_offsets": [
        0.0,
        0.5270080800747403,
        0.27615738117892824,
        0.9063605309550993
      ],
      "stride_frequency": 2.0,
      "contact_sequence_entropy": 2.4379733670046653
    },
    {
      "duty_factors": [
        0.6075,
        0.5525,
        0.19,
        0.375
      ],
      "phase_offsets": [
        0.0,
        0.5357024308630858,
        0.3523155266927558,
        0.893993033025865
      ],
      "stride_frequency": 1.875,
      "contact_sequence_entropy": 2.54413356486751
    },
    {
      "duty_factors": [
        0.62,
        0.5625,
        0.175,
        0.3675
      ],
      "phase_offsets": [
        0.0,
        0.538855345429073,
        0.3498224817999632,
        0.9236738406094025
      ],
      "stride_frequency": 1.875,
      "contact_sequence_entropy": 2.4857154465279043
    },
    {
      "duty_factors": [
        0.6325,
        0.5525,
        0.21,
        0.39
      ],
      "phase_offsets": [
        0.0,
        0.5455154648026285,
        0.4673410879974773,
        0.9002501448963769
      ],
      "stride_frequency": 1.875,
      "contact_sequence_entropy": 2.4317950540613946
    },
    {
      "duty_factors": [
        0.655,
        0.55,
        0.235,
        0.4775
      ],
      "phase_offsets": [
        0.0,
        0.5350164903483243,
        0.6519465579507393,
        0.9511166872209924
      ],
      "stride_frequency": 1.875,
      "contact_sequence_entropy": 2.379854976138237
    },
    {
      "duty_factors": [
        0.6575,
        0.5375,
        0.2575,
        0.6
      ],
      "phase_offsets": [
        0.0,
        0.5325112574537112,
        0.6636838395261316,
        0.0671230837005856
      ],
      "stride_frequency": 1.875,
      "contact_sequence_entropy": 2.5586609127965336
    },
    {
      "duty_factors": [
        0.65,
        0.5525,
        0.2575,
        0.7575
      ],
      "phase_offsets": [
        0.0,
        0.5231493077052751,
        0.6334954610224914,
        0.09774948930900837
      ],
      "stride_frequency": 1.875,
      "contact_sequence_entropy": 2.414959830453983
    },
    {
      "duty_factors": [
        0.6525,
        0.57,
        0.175,
        0.765
      ],
      "phase_offsets": [
        0.0,
        0.5147224213062329,
        0.37139587756416126,
        0.08279302722129463
      ],
      "stride_frequency": 1.75,
      "contact_sequence_entropy": 2.2743363302980035
    }
  ],
  "steps": [
    {
      "from_alpha": 0.0,
      "to_alpha": 0.125,
      "distance": 0.00022570650526507348,
      "rate": 0.0018056520421205879,
      "components": {
        "duty": 0.0,
        "phase": 0.0005642662631626837,
        "frequency": 0.0,
        "entropy": 0.0
      }
    },
    {
      "from_alpha": 0.125,
      "to_alpha": 0.275,
      "distance": 0.007709621079318404,
      "rate": 0.051397473862122685,
      "components": {
        "duty": 0.0062500000000000056,
        "phase": 0.011068259631226136,
        "frequency": 0.0,
        "entropy": 0.009382114845519651
      }
    },
    {
      "from_alpha": 0.275,
      "to_alpha": 0.425,
      "distance": 0.010798990935462155,
      "rate": 0.07199327290308105,
      "components": {
        "duty": 0.01874999999999999,
        "phase": 0.006918178503984115,
        "frequency": 0.0,
        "entropy": 0.016044796892456747
      }
    },
    {
      "from_alpha": 0.425,
      "to_alpha": 0.575,
      "distance": 0.024680211262697746,
      "rate": 0.16453474175131835,
      "components": {
        "duty": 0.021875000000000006,
        "phase": 0.005621203933183779,
        "frequency": 0.07692307692307693,
        "entropy": 0.028871787673084626
      }
    },
    {
      "from_alpha": 0.575,
      "to_alpha": 0.725,
      "distance": 0.013016966481888274,
      "rate": 0.08677977654592181,
      "components": {
        "duty": 0.0018750000000000155,
        "phase": 0.0010410742123075226,
        "frequency": 0.07692307692307693,
        "entropy": 0.003330501723358137
      }
    },
    {
      "from_alpha": 0.725,
      "to_alpha": 0.875,
      "distance": 0.005941985035967573,
      "rate": 0.03961323357311715,
      "components": {
        "duty": 0.004999999999999977,
        "phase": 0.00815298653108573,
        "frequency": 0.0,
        "entropy": 0.007871936156888582
      }
    },
    {
      "from_alpha": 0.875,
      "to_alpha": 0.878125,
      "distance": 0.0008805940288935393,
      "rate": 0.2817900892459286,
      "components": {
        "duty": 0.0006250000000000144,
        "phase": 0.001406276610154371,
        "frequency": 0.0,
        "entropy": 0.0008705558988785778
      }
    },
    {
      "from_alpha": 0.878125,
      "to_alpha": 0.88125,
      "distance": 0.0,
      "rate": 0.0,
      "components": {
        "duty": 0.0,
        "phase": 0.0,
        "frequency": 0.0,
        "entropy": 0.0
      }
    },
    {
      "from_alpha": 0.88125,
      "to_alpha": 0.884375,
      "distance": 0.0032854909046369203,
      "rate": 1.0513570894837996,
      "components": {
        "duty": 0.0037500000000000033,
        "phase": 0.004851503211863514,
        "frequency": 0.0,
        "entropy": 0.00146593079927676
      }
    },
    {
      "from_alpha": 0.884375,
      "to_alpha": 0.8875,
      "distance": 0.003725715375264123,
      "rate": 1.1922289200845446,
      "components": {
        "duty": 0.0031250000000000167,
        "phase": 0.006739718667642485,
        "frequency": 0.0,
        "entropy": 0.0006155193880474918
      }
    },
    {
      "from_alpha": 0.8875,
      "to_alpha": 0.890625,
      "distance": 0.001767790597635032,
      "rate": 0.5656929912432022,
      "components": {
        "duty": 0.0012500000000000289,
        "phase": 0.0028301678745710815,
        "frequency": 0.0,
        "entropy": 0.0017381563187106042
      }
    },
    {
      "from_alpha": 0.890625,
      "to_alpha": 0.89375,
      "distance": 0.0034287161769560965,
      "rate": 1.0971891766259354,
      "components": {
        "duty": 0.004375000000000018,
        "phase": 0.002912490043138569,
        "frequency": 0.0,
        "entropy": 0.006341467731337758
      }
    },
    {
      "from_alpha": 0.89375,
      "to_alpha": 0.896875,
      "distance": 0.005468419343138166,
      "rate": 1.7498941898042504,
      "components": {
        "duty": 0.0037500000000000033,
        "phase": 0.008616539791135793,
        "frequency": 0.0,
        "entropy": 0.005978689511225654
      }
    },
    {
      "from_alpha": 0.896875,
      "to_alpha": 0.9,
      "distance": 0.0,
      "rate": 0.0,
      "components": {
        "duty": 0.0,
        "phase": 0.0,
        "frequency": 0.0,
        "entropy": 0.0
      }
    },
    {
      "from_alpha": 0.9,
      "to_alpha": 0.903125,
      "distance": 0.0008475512630787027,
      "rate": 0.27121640418519066,
      "components": {
        "duty": 0.0006249999999999867,
        "phase": 0.001255820589803475,
        "frequency": 0.0,
        "entropy": 0.0010514868477154438
      }
    },
    {
      "from_alpha": 0.903125,
      "to_alpha": 0.90625,
      "distance": 0.0008475512630787027,
      "rate": 0.271216404185181,
      "components": {
        "duty": 0.0006249999999999867,
        "phase": 0.001255820589803475,
        "frequency": 0.0,
        "entropy": 0.0010514868477154438
      }
    },
    {
      "from_alpha": 0.90625,
      "to_alpha": 0.909375,
      "distance": 0.0017337229208582564,
      "rate": 0.5547913346746342,
      "components": {
        "duty": 0.0012500000000000011,
        "phase": 0.0026165850876850275,
        "frequency": 0.0,
        "entropy": 0.002080592571894968
      }
    },
    {
      "from_alpha": 0.909375,
      "to_alpha": 0.9125,
      "distance": 0.0,
      "rate": 0.0,
      "components": {
        "duty": 0.0,
        "phase": 0.0,
        "frequency": 0.0,
        "entropy": 0.0
      }
    },
    {
      "from_alpha": 0.9125,
      "to_alpha": 0.915625,
      "distance": 0.000813934984674936,
      "rate": 0.2604591950959758,
      "components": {
        "duty": 0.0006250000000000144,
        "phase": 0.0011649278621746692,
        "frequency": 0.0,
        "entropy": 0.0010697589320337597
      }
    },
    {
      "from_alpha": 0.915625,
      "to_alpha": 0.91875,
      "distance": 0.001473519294823572,
      "rate": 0.4715261743435531,
      "components": {
        "duty": 0.0018750000000000155,
        "phase": 0.0019316372957414454,
        "frequency": 0.0,
        "entropy": 0.0009224291768465953
      }
    },
    {
      "from_alpha": 0.91875,
      "to_alpha": 0.921875,
      "distance": 0.00791142211648934,
      "rate": 2.531655077276553,
      "components": {
        "duty": 0.005624999999999991,
        "phase": 0.012588308338936215,
        "frequency": 0.0,
        "entropy": 0.007923991872765712
      }
    },
    {
      "from_alpha": 0.921875,
      "to_alpha": 0.925,
      "distance": 0.0007868752180560904,
      "rate": 0.25180006977794533,
      "components": {
        "duty": 0.0006249999999999867,
        "phase": 0.0011987184545249603,
        "frequency": 0.0,
        "entropy": 0.0007992522416407355
      }
    },
    {
      "from_alpha": 0.925,
      "to_alpha": 0.928125,
      "distance": 0.0,
      "rate": 0.0,
      "components": {
        "duty": 0.0,
        "phase": 0.0,
        "frequency": 0.0,
        "entropy": 0.0
      }
    },
    {
      "from_alpha": 0.928125,
      "to_alpha": 0.93125,
      "distance": 0.0007868752180561339,
      "rate": 0.25180006977795927,
      "components": {
        "duty": 0.0006249999999999867,
        "phase": 0.0011987184545250692,
        "frequency": 0.0,
        "entropy": 0.0007992522416407355
      }
    },
    {
      "from_alpha": 0.93125,
      "to_alpha": 0.934375,
      "distance": 0.0008863038606421443,
      "rate": 0.2836172354054922,
      "components": {
        "duty": 0.000625,
        "phase": 0.0,
        "frequency": 0.0,
        "entropy": 0.004658692404280962
      }
    },
    {
      "from_alpha": 0.934375,
      "to_alpha": 0.9375,
      "distance": 0.015390614857117211,
      "rate": 4.924996754277437,
      "components": {
        "duty": 0.016250000000000014,
        "phase": 0.012734212857374218,
        "frequency": 0.0,
        "entropy": 0.03614619809445013
      }
    },
    {
      "from_alpha": 0.9375,
      "to_alpha": 0.940625,
      "distance": 0.004908800247785871,
      "rate": 1.5708160792914565,
      "components": {
        "duty": 0.0006250000000000006,
        "phase": 0.01166827232888932,
        "frequency": 0.0,
        "entropy": 0.0003599421082009502
      }
    },
    {
      "from_alpha": 0.940625,
      "to_alpha": 0.94375,
      "distance": 0.014489296135014675,
      "rate": 4.636574763204795,
      "components": {
        "duty": 0.011874999999999972,
        "phase": 0.013549840140394835,
        "frequency": 0.0,
        "entropy": 0.036712400525711675
      }
    },
    {
      "from_alpha": 0.94375,
      "to_alpha": 0.946875,
      "distance": 0.017692371712326453,
      "rate": 5.661558947944385,
      "components": {
        "duty": 0.0031250000000000167,
        "phase": 0.01069037017314102,
        "frequency": 0.07142857142857142,
        "entropy": 0.011762919525228843
      }
    },
    {
      "from_alpha": 0.946875,
      "to_alpha": 0.95,
      "distance": 0.011923123339636067,
      "rate": 3.815399468683623,
      "components": {
        "duty": 0.00812499999999999,
        "phase": 0.009920189745681412,
        "frequency": 0.0,
        "entropy": 0.03678364960909003
      }
    },
    {
      "from_alpha": 0.95,
      "to_alpha": 0.953125,
      "distance": 0.004595987812244214,
      "rate": 1.4707160999181275,
      "components": {
        "duty": 0.005624999999999998,
        "phase": 0.001963011716399828,
        "frequency": 0.0,
        "entropy": 0.014155220837895222
      }
    },
    {
      "from_alpha": 0.953125,
      "to_alpha": 0.95625,
      "distance": 0.0036031419656106576,
      "rate": 1.1530054289953942,
      "components": {
        "duty": 0.00562499999999997,
        "phase": 0.0013831895146863876,
        "frequency": 0.0,
        "entropy": 0.00908244106490741
      }
    },
    {
      "from_alpha": 0.95625,
      "to_alpha": 0.959375,
      "distance": 0.005287788190167687,
      "rate": 1.692092220853696,
      "components": {
        "duty": 0.00562499999999997,
        "phase": 0.003893240547515489,
        "frequency": 0.0,
        "entropy": 0.013619946474410005
      }
    },
    {
      "from_alpha": 0.959375,
      "to_alpha": 0.9625,
      "distance": 0.004193296029673127,
      "rate": 1.3418547294953815,
      "components": {
        "duty": 0.004375000000000004,
        "phase": 0.004273257126623739,
        "frequency": 0.0,
        "entropy": 0.007809954526824203
      }
    },
    {
      "from_alpha": 0.9625,
      "to_alpha": 0.965625,
      "distance": 0.0059658791741700554,
      "rate": 1.9090813357344585,
      "components": {
        "duty": 0.004375000000000018,
        "phase": 0.008687402184977162,
        "frequency": 0.0,
        "entropy": 0.007856122001194565
      }
    },
    {
      "from_alpha": 0.965625,
      "to_alpha": 0.96875,
      "distance": 0.0027947419736360944,
      "rate": 0.8943174315635375,
      "components": {
        "duty": 0.0050000000000000044,
        "phase": 0.00258294877506536,
        "frequency": 0.0,
        "entropy": 0.0017437497573996597
      }
    },
    {
      "from_alpha": 0.96875,
      "to_alpha": 0.971875,
      "distance": 0.005238481225822609,
      "rate": 1.6763139922632109,
      "components": {
        "duty": 0.005000000000000011,
        "phase": 0.007179666907631029,
        "frequency": 0.0,
        "entropy": 0.0057774297518012885
      }
    },
    {
      "from_alpha": 0.971875,
      "to_alpha": 0.975,
      "distance": 0.004244371621609292,
      "rate": 1.3581989189150023,
      "components": {
        "duty": 0.005000000000000018,
        "phase": 0.004618282032521208,
        "frequency": 0.0,
        "entropy": 0.00598039205733869
      }
    },
    {
      "from_alpha": 0.975,
      "to_alpha": 0.978125,
      "distance": 0.015375028972560767,
      "rate": 4.920009271219375,
      "components": {
        "duty": 0.023124999999999993,
        "phase": 0.003634380917913279,
        "frequency": 0.0,
        "entropy": 0.04655851070263639
      }
    },
    {
      "from_alpha": 0.978125,
      "to_alpha": 0.98125,
      "distance": 0.005878778549995569,
      "rate": 1.8812091359986223,
      "components": {
        "duty": 0.006875000000000006,
        "phase": 0.007649407134599581,
        "frequency": 0.0,
        "entropy": 0.005043437974371567
      }
    },
    {
      "from_alpha": 0.98125,
      "to_alpha": 0.984375,
      "distance": 0.009234541148342495,
      "rate": 2.9550531674695564,
      "components": {
        "duty": 0.014999999999999986,
        "phase": 0.0065347594691824345,
        "frequency": 0.0,
        "entropy": 0.0141375824044635
      }
    },
    {
      "from_alpha": 0.984375,
      "to_alpha": 0.9875,
      "distance": 0.005187252892291686,
      "rate": 1.6599209255333158,
      "components": {
        "duty": 0.0037499999999999895,
        "phase": 0.008891901209412769,
        "frequency": 0.0,
        "entropy": 0.003369949390177207
      }
    },
    {
      "from_alpha": 0.9875,
      "to_alpha": 0.990625,
      "distance": 0.07225325746555335,
      "rate": 23.121042388977564,
      "components": {
        "duty": 0.049374999999999995,
        "phase": 0.08859508758669914,
        "frequency": 0.07142857142857142,
        "entropy": 0.07525624477725323
      }
    },
    {
      "from_alpha": 0.990625,
      "to_alpha": 0.99375,
      "distance": 0.02195415122749109,
      "rate": 7.025328392797049,
      "components": {
        "duty": 0.01625000000000002,
        "phase": 0.02959486806363981,
        "frequency": 0.0,
        "entropy": 0.034941360013567735
      }
    },
    {
      "from_alpha": 0.99375,
      "to_alpha": 0.996875,
      "distance": 0.026426772946806152,
      "rate": 8.456567342978149,
      "components": {
        "duty": 0.006874999999999992,
        "phase": 0.030968557985283172,
        "frequency": 0.07142857142857142,
        "entropy": 0.008417093589381142
      }
    },
    {
      "from_alpha": 0.996875,
      "to_alpha": 1.0,
      "distance": 0.06762979470868422,
      "rate": 21.64153430677864,
      "components": {
        "duty": 0.091875,
        "phase": 0.07010714413642614,
        "frequency": 0.0,
        "entropy": 0.08016291369409168
      }
    },
    {
      "from_alpha": 1.0,
      "to_alpha": 1.125,
      "distance": 0.05494430279462133,
      "rate": 0.4395544223569706,
      "components": {
        "duty": 0.114375,
        "phase": 0.005114047284309354,
        "frequency": 0.0,
        "entropy": 0.12390789253931722
      }
    },
    {
      "from_alpha": 1.125,
      "to_alpha": 1.25,
      "distance": 0.01762110457440732,
      "rate": 0.14096883659525855,
      "components": {
        "duty": 0.009374999999999994,
        "phase": 0.009412646549563308,
        "frequency": 0.06666666666666667,
        "entropy": 0.006956973030546654
      }
    },
    {
      "from_alpha": 1.25,
      "to_alpha": 1.4,
      "distance": 0.02092856780898632,
      "rate": 0.13952378539324223,
      "components": {
        "duty": 0.015000000000000034,
        "phase": 0.012958044078393063,
        "frequency": 0.0625,
        "entropy": 0.012469001184193917
      }
    },
    {
      "from_alpha": 1.4,
      "to_alpha": 1.55,
      "distance": 0.01982916176405771,
      "rate": 0.13219441176038463,
      "components": {
        "duty": 0.01749999999999998,
        "phase": 0.010428250759961835,
        "frequency": 0.0625,
        "entropy": 0.006885743067153227
      }
    },
    {
      "from_alpha": 1.55,
      "to_alpha": 1.7,
      "distance": 0.011034091902968555,
      "rate": 0.07356061268645708,
      "components": {
        "duty": 0.016874999999999994,
        "phase": 0.014687940333046165,
        "frequency": 0.0,
        "entropy": 0.0006427717983339409
      }
    },
    {
      "from_alpha": 1.7,
      "to_alpha": 1.85,
      "distance": 0.009502402076231507,
      "rate": 0.06334934717487666,
      "components": {
        "duty": 0.014374999999999992,
        "phase": 0.0075388555433254685,
        "frequency": 0.0,
        "entropy": 0.014495732392675487
      }
    },
    {
      "from_alpha": 1.85,
      "to_alpha": 1.85375,
      "distance": 0.014061515931015732,
      "rate": 3.749737581604275,
      "components": {
        "duty": 0.0031250000000000167,
        "phase": 0.007168111410207492,
        "frequency": 0.0625,
        "entropy": 0.0058784757795515286
      }
    },
    {
      "from_alpha": 1.85375,
      "to_alpha": 1.8575,
      "distance": 0.0015924395547944363,
      "rate": 0.4246505479451921,
      "components": {
        "duty": 0.0006250000000000006,
        "phase": 0.002061185265437883,
        "frequency": 0.0,
        "entropy": 0.0038697696574618856
      }
    },
    {
      "from_alpha": 1.8575,
      "to_alpha": 1.86125,
      "distance": 0.0017709525845687319,
      "rate": 0.47225402255164395,
      "components": {
        "duty": 0.0018750000000000017,
        "phase": 0.0017927304755745385,
        "frequency": 0.0,
        "entropy": 0.0032757359622594406
      }
    },
    {
      "from_alpha": 1.86125,
      "to_alpha": 1.865,
      "distance": 0.003147570148427861,
      "rate": 0.8393520395807808,
      "components": {
        "duty": 0.0037499999999999895,
        "phase": 0.0028403249497521935,
        "frequency": 0.0,
        "entropy": 0.005909601123513242
      }
    },
    {
      "from_alpha": 1.865,
      "to_alpha": 1.86875,
      "distance": 0.003951530261298882,
      "rate": 1.0537414030130576,
      "components": {
        "duty": 0.003750000000000017,
        "phase": 0.004703591342196891,
        "frequency": 0.0,
        "entropy": 0.006300624829467472
      }
    },
    {
      "from_alpha": 1.86875,
      "to_alpha": 1.8725,
      "distance": 0.0017552181906566515,
      "rate": 0.4680581841750893,
      "components": {
        "duty": 0.0018750000000000017,
        "phase": 0.00226818015005312,
        "frequency": 0.0,
        "entropy": 0.0019029742042360187
      }
    },
    {
      "from_alpha": 1.8725,
      "to_alpha": 1.87625,
      "distance": 0.002944844989717231,
      "rate": 0.7852919972579451,
      "components": {
        "duty": 0.0031250000000000028,
        "phase": 0.002859331499279291,
        "frequency": 0.0,
        "entropy": 0.005757415933370091
      }
    },
    {
      "from_alpha": 1.87625,
      "to_alpha": 1.88,
      "distance": 0.0013109786721951888,
      "rate": 0.34959431258539114,
      "components": {
        "duty": 0.0006250000000000006,
        "phase": 0.0013669787158717146,
        "frequency": 0.0,
        "entropy": 0.0038445812389766854
      }
    },
    {
      "from_alpha": 1.88,
      "to_alpha": 1.88375,
      "distance": 0.0007893385679174768,
      "rate": 0.21049028477798584,
      "components": {
        "duty": 0.0006250000000000144,
        "phase": 0.000982748921296418,
        "frequency": 0.0,
        "entropy": 0.0013915933293260352
      }
    },
    {
      "from_alpha": 1.88375,
      "to_alpha": 1.8875,
      "distance": 0.0010626931694979972,
      "rate": 0.28338484519947194,
      "components": {
        "duty": 0.0012499999999999734,
        "phase": 0.0011414772973331472,
        "frequency": 0.0,
        "entropy": 0.0015406816704316428
      }
    },
    {
      "from_alpha": 1.8875,
      "to_alpha": 1.89125,
      "distance": 0.0017457043021800542,
      "rate": 0.4655211472479968,
      "components": {
        "duty": 0.0024999999999999745,
        "phase": 0.00188125383202277,
        "frequency": 0.0,
        "entropy": 0.0016213517958063584
      }
    },
    {
      "from_alpha": 1.89125,
      "to_alpha": 1.895,
      "distance": 0.0013437278271906453,
      "rate": 0.3583274205841797,
      "components": {
        "duty": 0.0018750000000000017,
        "phase": 0.0008243091653268865,
        "frequency": 0.0,
        "entropy": 0.003010027740399268
      }
    },
    {
      "from_alpha": 1.895,
      "to_alpha": 1.89875,
      "distance": 0.003660967325403523,
      "rate": 0.9762579534409602,
      "components": {
        "duty": 0.005625000000000019,
        "phase": 0.0031282373598401658,
        "frequency": 0.0,
        "entropy": 0.0048144825431163385
      }
    },
    {
      "from_alpha": 1.89875,
      "to_alpha": 1.9025,
      "distance": 0.0022942349677737024,
      "rate": 0.6117959914062975,
      "components": {
        "duty": 0.00250000000000003,
        "phase": 0.002724042112486223,
        "frequency": 0.0,
        "entropy": 0.003030787485194697
      }
    },
    {
      "from_alpha": 1.9025,
      "to_alpha": 1.90625,
      "distance": 0.014579578894690469,
      "rate": 3.8878877052508747,
      "components": {
        "duty": 0.007500000000000007,
        "phase": 0.002779763141990229,
        "frequency": 0.0625,
        "entropy": 0.012284490919295843
      }
    },
    {
      "from_alpha": 1.90625,
      "to_alpha": 1.91,
      "distance": 0.01244370338634471,
      "rate": 3.318320903025327,
      "components": {
        "duty": 0.002500000000000016,
        "phase": 0.004368091752104588,
        "frequency": 0.0625,
        "entropy": 0.0038097779033524626
      }
    },
    {
      "from_alpha": 1.91,
      "to_alpha": 1.91375,
      "distance": 0.005808415207631435,
      "rate": 1.5489107220349907,
      "components": {
        "duty": 0.003124999999999989,
        "phase": 0.0050844187815375945,
        "frequency": 0.0,
        "entropy": 0.018914317966776006
      }
    },
    {
      "from_alpha": 1.91375,
      "to_alpha": 1.9175,
      "distance": 0.0021364998904561876,
      "rate": 0.5697333041216621,
      "components": {
        "duty": 0.0,
        "phase": 0.004153706629635401,
        "frequency": 0.0,
        "entropy": 0.003166781590680179
      }
    },
    {
      "from_alpha": 1.9175,
      "to_alpha": 1.92125,
      "distance": 0.0032334223930128793,
      "rate": 0.8622459714701195,
      "components": {
        "duty": 0.0031250000000000167,
        "phase": 0.005198584817152121,
        "frequency": 0.0,
        "entropy": 0.0014432564410135074
      }
    },
    {
      "from_alpha": 1.92125,
      "to_alpha": 1.925,
      "distance": 0.002449687517841288,
      "rate": 0.653250004757652,
      "components": {
        "duty": 0.0031250000000000167,
        "phase": 0.0036035897617467476,
        "frequency": 0.0,
        "entropy": 0.00047167742095055587
      }
    },
    {
      "from_alpha": 1.925,
      "to_alpha": 1.92875,
      "distance": 0.00702113856530663,
      "rate": 1.8723036174151413,
      "components": {
        "duty": 0.008125000000000004,
        "phase": 0.009356041200131737,
        "frequency": 0.0,
        "entropy": 0.0056081472350262285
      }
    },
    {
      "from_alpha": 1.92875,
      "to_alpha": 1.9325,
      "distance": 0.010582238840406932,
      "rate": 2.8219303574417416,
      "components": {
        "duty": 0.00874999999999999,
        "phase": 0.009791849555730378,
        "frequency": 0.0,
        "entropy": 0.026936660120765232
      }
    },
    {
      "from_alpha": 1.9325,
      "to_alpha": 1.93625,
      "distance": 0.004868703830609271,
      "rate": 1.2983210214958332,
      "components": {
        "duty": 0.005624999999999989,
        "phase": 0.00467846816761269,
        "frequency": 0.0,
        "entropy": 0.008732110423761319
      }
    },
    {
      "from_alpha": 1.93625,
      "to_alpha": 1.94,
      "distance": 0.006623611957366166,
      "rate": 1.7662965219643487,
      "components": {
        "duty": 0.0037500000000000016,
        "phase": 0.009352568035969228,
        "frequency": 0.0,
        "entropy": 0.011717231619856494
      }
    },
    {
      "from_alpha": 1.94,
      "to_alpha": 1.94375,
      "distance": 0.009514621749775864,
      "rate": 2.5372324666068007,
      "components": {
        "duty": 0.015624999999999988,
        "phase": 0.004186653034785346,
        "frequency": 0.0,
        "entropy": 0.021016403572411524
      }
    },
    {
      "from_alpha": 1.94375,
      "to_alpha": 1.9475,
      "distance": 0.01111203438525445,
      "rate": 2.96320916940125,
      "components": {
        "duty": 0.01500000000000003,
        "phase": 0.011937250388351032,
        "frequency": 0.0,
        "entropy": 0.012247561532760187
      }
    },
    {
      "from_alpha": 1.9475,
      "to_alpha": 1.95125,
      "distance": 0.0065543533996801585,
      "rate": 1.7478275732480795,
      "components": {
        "duty": 0.010000000000000002,
        "phase": 0.005071211515665871,
        "frequency": 0.0,
        "entropy": 0.010172458622758729
      }
    },
    {
      "from_alpha": 1.95125,
      "to_alpha": 1.955,
      "distance": 0.032741069431467054,
      "rate": 8.730951848390884,
      "components": {
        "duty": 0.009999999999999981,
        "phase": 0.037552299033698125,
        "frequency": 0.0625,
        "entropy": 0.03563433211991873
      }
    },
    {
      "from_alpha": 1.955,
      "to_alpha": 1.95875,
      "distance": 0.023060270963000125,
      "rate": 6.149405590133497,
      "components": {
        "duty": 0.023749999999999993,
        "phase": 0.011250953264938236,
        "frequency": 0.0625,
        "entropy": 0.013732597713498884
      }
    },
    {
      "from_alpha": 1.95875,
      "to_alpha": 1.9625,
      "distance": 0.014298595842647494,
      "rate": 3.8129588913727464,
      "components": {
        "duty": 0.005624999999999991,
        "phase": 0.028460061190848467,
        "frequency": 0.0,
        "entropy": 0.008180475775387386
      }
    },
    {
      "from_alpha": 1.9625,
      "to_alpha": 1.96625,
      "distance": 0.005855194286521421,
      "rate": 1.5613851430723198,
      "components": {
        "duty": 0.00687500000000002,
        "phase": 0.008359353909106849,
        "frequency": 0.0,
        "entropy": 0.002993018152524507
      }
    },
    {
      "from_alpha": 1.96625,
      "to_alpha": 1.97,
      "distance": 0.006549715999506706,
      "rate": 1.7465909332018255,
      "components": {
        "duty": 0.010624999999999982,
        "phase": 0.005668992674270358,
        "frequency": 0.0,
        "entropy": 0.007297459531990458
      }
    },
    {
      "from_alpha": 1.97,
      "to_alpha": 1.97375,
      "distance": 0.015325840998131324,
      "rate": 4.086890932835107,
      "components": {
        "duty": 0.009999999999999995,
        "phase": 0.027286497829125456,
        "frequency": 0.0,
        "entropy": 0.009408279109874296
      }
    },
    {
      "from_alpha": 1.97375,
      "to_alpha": 1.9775,
      "distance": 0.03656936179481048,
      "rate": 9.751829811949092,
      "components": {
        "duty": 0.03125000000000001,
        "phase": 0.034595885937384496,
        "frequency": 0.0625,
        "entropy": 0.026540049465711202
      }
    },
    {
      "from_alpha": 1.9775,
      "to_alpha": 1.98125,
      "distance": 0.013053015166094433,
      "rate": 3.480804044291923,
      "components": {
        "duty": 0.011249999999999996,
        "phase": 0.018718339320898048,
        "frequency": 0.0,
        "entropy": 0.014604529584901438
      }
    },
    {
      "from_alpha": 1.98125,
      "to_alpha": 1.985,
      "distance": 0.030515991179111468,
      "rate": 8.13759764776275,
      "components": {
        "duty": 0.019999999999999997,
        "phase": 0.05623494115404338,
        "frequency": 0.0,
        "entropy": 0.013480098116627426
      }
    },
    {
      "from_alpha": 1.985,
      "to_alpha": 1.98875,
      "distance": 0.05360304400794964,
      "rate": 14.294145068786877,
      "components": {
        "duty": 0.034374999999999996,
        "phase": 0.10335697771457805,
        "frequency": 0.0,
        "entropy": 0.01298501948078945
      }
    },
    {
      "from_alpha": 1.98875,
      "to_alpha": 1.9925,
      "distance": 0.046109341898765165,
      "rate": 12.29582450633764,
      "components": {
        "duty": 0.04000000000000001,
        "phase": 0.06851029818519758,
        "frequency": 0.0,
        "entropy": 0.0447014841645742
      }
    },
    {
      "from_alpha": 1.9925,
      "to_alpha": 1.99625,
      "distance": 0.03183531490933028,
      "rate": 8.48941730915442,
      "components": {
        "duty": 0.044999999999999984,
        "phase": 0.032366310803711586,
        "frequency": 0.0,
        "entropy": 0.03592527058563766
      }
    },
    {
      "from_alpha": 1.99625,
      "to_alpha": 2.0,
      "distance": 0.06633261707210572,
      "rate": 17.688697885895238,
      "components": {
        "duty": 0.027499999999999997,
        "phase": 0.10702308954064123,
        "frequency": 0.06666666666666667,
        "entropy": 0.035155875038994866
      }
    }
  ],
  "median_rate": 1.1726171745399694,
  "largest_step": {
    "from_alpha": 0.9875,
    "to_alpha": 0.990625,
    "distance": 0.07225325746555335,
    "rate": 23.121042388977564,
    "components": {
      "duty": 0.049374999999999995,
      "phase": 0.08859508758669914,
      "frequency": 0.07142857142857142,
      "entropy": 0.07525624477725323
    }
  },
  "bifurcation_alphas": [],
  "min_bifurcation_jump": 0.15,
  "bifurcation_rate_factor": 3.0,
  "walk_versus_jump": {
    "walk_gait": {
      "duty_factors": [
        0.65,
        0.57,
        0.17,
        0.76
      ],
      "phase_offsets": [
        0.0,
        0.520647903665078,
        0.33783984909996095,
        0.0717121857291555
      ],
      "stride_frequency": 1.875,
      "contact_sequence_entropy": 2.2576311299656404
    },
    "jump_gait": {
      "duty_factors": [
        0.6,
        0.3,
        0.15,
        0.4
      ],
      "phase_offsets": [
        0.0,
        0.65,
        0.225,
        0.55
      ],
      "stride_frequency": 2.5,
      "contact_sequence_entropy": 2.463865121950854
    },
    "distance": 0.23558843706346017,
    "components": {
      "duty": 0.175,
      "phase": 0.34463665591003667,
      "frequency": 0.25,
      "entropy": 0.05155849799630341
    }
  }
}
