{
  "spec": {
    "n_legs": 4,
    "leg_length": 0.5,
    "torso_mass": 8.0,
    "leg_mass": 1.5,
    "hip_spacing": 0.15
  },
  "growth": [
    {
      "leg_index": 2,
      "growth": 1.0
    },
    {
      "leg_index": 3,
      "growth": 1.0
    }
  ],
  "total_mass": 14.0,
  "stats": {
    "survived_fraction": 1.0,
    "mean_forward_velocity": 0.4390351474285126,
    "mean_forward_speed": 0.4390351474285126,
    "distance_travelled": 4.390351295471191,
    "net_displacement": 4.362983226776123,
    "episode_return": 49.463294982910156,
    "nominal_leg_length": 0.512668,
    "num_episodes": 8,
    "num_steps": 4000
  },
  "froude": 0.038325988191831445,
  "is_viable": true,
  "gait": {
    "duty_factors": [
      0.6,
      0.3,
      0.15,
      0.4
    ],
    "phase_offsets": [
      0.0,
      0.65,
      0.225,
      0.55
    ],
    "stride_frequency": 2.5,
    "contact_sequence_entropy": 2.463865121950854
  },
  "gait_trace_steps": 400,
  "eval_seconds": 25.852389478997793,
  "num_timesteps": 14745600,
  "budget_from_walks": 14745600,
  "wall_clock_seconds": 198.04816669100546
}
